src/controllers/auth.controller.ts(28,37): error TS2769: No overload matches this call.
  Overload 1 of 4, '(filter?: _QueryFilter<{ name: string; email: string; password: string; role: NonNullable<"user" | "admin">; savedNumber: number; refreshToken: string; createdAt: NativeDate; updatedAt: NativeDate; }> | undefined, projection?: ProjectionType<...> | ... 1 more ... | undefined, options?: (QueryOptions<...> & Abortable) | ... 1 more ... | undefined): Query<...>', gave the following error.
    Argument of type '{ email: string | undefined; }' is not assignable to parameter of type '_QueryFilter<{ name: string; email: string; password: string; role: NonNullable<"user" | "admin">; savedNumber: number; refreshToken: string; createdAt: NativeDate; updatedAt: NativeDate; }>' with 'exactOptionalPropertyTypes: true'. Consider adding 'undefined' to the types of the target's properties.
      Type '{ email: string | undefined; }' is not assignable to type '{ name?: Condition<ApplyBasicQueryCasting<string>>; email?: Condition<ApplyBasicQueryCasting<string>>; ... 5 more ...; updatedAt?: Condition<...>; }' with 'exactOptionalPropertyTypes: true'. Consider adding 'undefined' to the types of the target's properties.
        Types of property 'email' are incompatible.
          Type 'string | undefined' is not assignable to type 'Condition<ApplyBasicQueryCasting<string>>'.
            Type 'undefined' is not assignable to type 'Condition<ApplyBasicQueryCasting<string>>'.
  Overload 2 of 4, '(filter?: Query<any, any, {}, unknown, "find", Record<string, never>> | undefined, projection?: ProjectionType<{ name: string; email: string; password: string; role: "user" | "admin"; savedNumber?: number | null; refreshToken?: string | null; } & DefaultTimestampProps> | null | undefined, options?: (QueryOptions<...> & Abortable) | ... 1 more ... | undefined): Query<...>', gave the following error.
    Object literal may only specify known properties, and 'email' does not exist in type 'Query<any, any, {}, unknown, "find", Record<string, never>>'.
src/controllers/auth.controller.ts(33,46): error TS2769: No overload matches this call.
  Overload 1 of 2, '(password: string, salt: string | number): Promise<string>', gave the following error.
    Argument of type 'string | undefined' is not assignable to parameter of type 'string'.
      Type 'undefined' is not assignable to type 'string'.
  Overload 2 of 2, '(password: string, salt: string | number, callback?: Callback<string> | undefined, progressCallback?: ProgressCallback | undefined): void', gave the following error.
    Argument of type 'string | undefined' is not assignable to parameter of type 'string'.
      Type 'undefined' is not assignable to type 'string'.
src/controllers/auth.controller.ts(37,7): error TS2769: No overload matches this call.
  The last overload gave the following error.
    Type 'Promise<string> & void' is not assignable to type 'StringQueryTypeCasting'.
src/controllers/auth.controller.ts(42,24): error TS2339: Property '_id' does not exist on type 'never'.
src/controllers/auth.controller.ts(43,26): error TS2339: Property 'role' does not exist on type 'never'.
src/controllers/auth.controller.ts(46,24): error TS2339: Property '_id' does not exist on type 'never'.
src/controllers/auth.controller.ts(47,26): error TS2339: Property 'role' does not exist on type 'never'.
src/controllers/auth.controller.ts(51,47): error TS2339: Property '_id' does not exist on type 'never'.
src/controllers/auth.controller.ts(57,26): error TS2339: Property '_id' does not exist on type 'never'.
src/controllers/auth.controller.ts(58,28): error TS2339: Property 'name' does not exist on type 'never'.
src/controllers/auth.controller.ts(59,29): error TS2339: Property 'email' does not exist on type 'never'.
src/controllers/auth.controller.ts(60,28): error TS2339: Property 'role' does not exist on type 'never'.
src/controllers/auth.controller.ts(61,35): error TS2339: Property 'savedNumber' does not exist on type 'never'.
src/controllers/auth.controller.ts(73,29): error TS2769: No overload matches this call.
  Overload 1 of 4, '(filter?: _QueryFilter<{ name: string; email: string; password: string; role: NonNullable<"user" | "admin">; savedNumber: number; refreshToken: string; createdAt: NativeDate; updatedAt: NativeDate; }> | undefined, projection?: ProjectionType<...> | ... 1 more ... | undefined, options?: (QueryOptions<...> & Abortable) | ... 1 more ... | undefined): Query<...>', gave the following error.
    Argument of type '{ email: string | undefined; }' is not assignable to parameter of type '_QueryFilter<{ name: string; email: string; password: string; role: NonNullable<"user" | "admin">; savedNumber: number; refreshToken: string; createdAt: NativeDate; updatedAt: NativeDate; }>' with 'exactOptionalPropertyTypes: true'. Consider adding 'undefined' to the types of the target's properties.
      Type '{ email: string | undefined; }' is not assignable to type '{ name?: Condition<ApplyBasicQueryCasting<string>>; email?: Condition<ApplyBasicQueryCasting<string>>; ... 5 more ...; updatedAt?: Condition<...>; }' with 'exactOptionalPropertyTypes: true'. Consider adding 'undefined' to the types of the target's properties.
        Types of property 'email' are incompatible.
          Type 'string | undefined' is not assignable to type 'Condition<ApplyBasicQueryCasting<string>>'.
            Type 'undefined' is not assignable to type 'Condition<ApplyBasicQueryCasting<string>>'.
  Overload 2 of 4, '(filter?: Query<any, any, {}, unknown, "find", Record<string, never>> | undefined, projection?: ProjectionType<{ name: string; email: string; password: string; role: "user" | "admin"; savedNumber?: number | null; refreshToken?: string | null; } & DefaultTimestampProps> | null | undefined, options?: (QueryOptions<...> & Abortable) | ... 1 more ... | undefined): Query<...>', gave the following error.
    Object literal may only specify known properties, and 'email' does not exist in type 'Query<any, any, {}, unknown, "find", Record<string, never>>'.
src/controllers/auth.controller.ts(78,42): error TS2769: No overload matches this call.
  Overload 1 of 2, '(password: string, hash: string): Promise<boolean>', gave the following error.
    Argument of type 'string | undefined' is not assignable to parameter of type 'string'.
      Type 'undefined' is not assignable to type 'string'.
  Overload 2 of 2, '(password: string, hash: string, callback?: Callback<boolean> | undefined, progressCallback?: ProgressCallback | undefined): void', gave the following error.
    Argument of type 'string | undefined' is not assignable to parameter of type 'string'.
      Type 'undefined' is not assignable to type 'string'.
src/controllers/auth.controller.ts(94,16): error TS2339: Property 'save' does not exist on type '{ name: string; email: string; password: string; role: "user" | "admin"; savedNumber?: number | null; refreshToken?: string | null; createdAt: NativeDate; updatedAt: NativeDate; } & { ...; } & { ...; }'.
src/controllers/auth.controller.ts(99,7): error TS2375: Type '{ id: Types.ObjectId; name: string; email: string; role: "user" | "admin"; savedNumber: number | null | undefined; }' is not assignable to type '{ id: unknown; name: string; email: string; role: string; savedNumber?: number | null; }' with 'exactOptionalPropertyTypes: true'. Consider adding 'undefined' to the types of the target's properties.
  Types of property 'savedNumber' are incompatible.
    Type 'number | null | undefined' is not assignable to type 'number | null'.
      Type 'undefined' is not assignable to type 'number | null'.
src/controllers/auth.controller.ts(167,38): error TS18048: 'req.user' is possibly 'undefined'.
src/types/queue.types.ts(77,18): error TS2430: Interface 'AdminRemoveTicketRequest' incorrectly extends interface 'Request<ParamsDictionary, any, any, ParsedQs, Record<string, any>>'.
  Types of property 'query' are incompatible.
    Type 'unknown' is not assignable to type 'ParsedQs'.
